C51 COMPILER V9.60.0.0   MAIN                                                              06/24/2022 23:51:43 PAGE 1   


C51 COMPILER V9.60.0.0, COMPILATION OF MODULE MAIN
OBJECT MODULE PLACED IN .\Objects\main.obj
COMPILER INVOKED BY: C:\Keil_v5\C51\BIN\C51.EXE main.c OPTIMIZE(8,SPEED) BROWSE DEBUG OBJECTEXTEND PRINT(.\Listings\main
                    -.lst) TABS(2) OBJECT(.\Objects\main.obj)

line level    source

   1          #include <REGX52.H>
   2          sbit BtnIn = P3^0;
   3          sbit BtnDe = P3^1;
   4          #define Led P2
   5          
   6          unsigned char Led7seg[10]={0xC0, 0xF9, 0xA4, 0xB0, 0x99, 0x92, 0x82, 0xF8,0x80, 0x90}; 
   7          
   8          void main ()
   9          {
  10   1        int i=0;
  11   1        Led = Led7seg[i];
  12   1      
  13   1        while (1)
  14   1        {
  15   2          flag:
  16   2          if(BtnIn ==0){
  17   3            delay(20);
*** WARNING C206 IN LINE 17 OF main.c: 'delay': missing function-prototype
*** ERROR C267 IN LINE 17 OF main.c: 'delay': requires ANSI-style prototype
  18   3            if(BtnIn ==0){
  19   4              i++;
  20   4              if(i>9){i=0;}
  21   4              Led = Led7seg[i];
  22   4              while(BtnIn==0);
  23   4              goto flag;  
  24   4            }
  25   3          }
  26   2          if(BtnDe ==0){
  27   3            delay(20);
  28   3            if(BtnDe ==0){
  29   4              i--;
  30   4              if(i<0){i=9;}
  31   4              Led = Led7seg[i];
  32   4              while(BtnDe==0);
  33   4              goto flag;  
  34   4            }
  35   3          }
  36   2        }
  37   1      }
  38            

C51 COMPILATION COMPLETE.  1 WARNING(S),  1 ERROR(S)
