BL51 BANKED LINKER/LOCATER V6.22.2.0                                                    06/24/2022  21:28:03  PAGE 1


BL51 BANKED LINKER/LOCATER V6.22.2.0, INVOKED BY:
C:\KEIL_V5\C51\BIN\BL51.EXE .\Objects\main.obj TO .\Objects\test1806 PRINT (.\Listings\test1806.m51) RAMSIZE (256)


MEMORY MODEL: SMALL


INPUT MODULES INCLUDED:
  .\Objects\main.obj (MAIN)
  C:\KEIL_V5\C51\LIB\C51S.LIB (?C_STARTUP)
  C:\KEIL_V5\C51\LIB\C51S.LIB (?C_INIT)


LINK MAP OF MODULE:  .\Objects\test1806 (MAIN)


            TYPE    BASE      LENGTH    RELOCATION   SEGMENT NAME
            -----------------------------------------------------

            * * * * * * *   D A T A   M E M O R Y   * * * * * * *
            REG     0000H     0008H     ABSOLUTE     "REG BANK 0"
            DATA    0008H     000AH     UNIT         ?DT?MAIN
            IDATA   0012H     0001H     UNIT         ?STACK

            * * * * * * *   C O D E   M E M O R Y   * * * * * * *
            CODE    0000H     0003H     ABSOLUTE     
            CODE    0003H     008CH     UNIT         ?C_C51STARTUP
            CODE    008FH     0072H     UNIT         ?PR?MAIN?MAIN
            CODE    0101H     002BH     UNIT         ?PR?_DELAY_MS?MAIN
            CODE    012CH     000DH     UNIT         ?C_INITSEG



OVERLAY MAP OF MODULE:   .\Objects\test1806 (MAIN)


SEGMENT
  +--> CALLED SEGMENT
---------------------
?C_C51STARTUP
  +--> ?PR?MAIN?MAIN
  +--> ?C_INITSEG

?PR?MAIN?MAIN
  +--> ?PR?_DELAY_MS?MAIN



SYMBOL TABLE OF MODULE:  .\Objects\test1806 (MAIN)

  VALUE           TYPE          NAME
  ----------------------------------

  -------         MODULE        MAIN
  C:0000H         SYMBOL        _ICE_DUMMY_
  D:00A0H         PUBLIC        P2
  B:0090H.0       PUBLIC        P1_0
  B:0090H.4       PUBLIC        P1_4
BL51 BANKED LINKER/LOCATER V6.22.2.0                                                  06/24/2022  21:28:03  PAGE 2


  C:008FH         PUBLIC        main
  C:010CH         PUBLIC        _delay_ms
  D:0008H         PUBLIC        segcode
  -------         PROC          L?0024
  -------         ENDPROC       L?0024
  -------         PROC          _DELAY_MS
  D:0006H         SYMBOL        t
  -------         DO            
  D:0004H         SYMBOL        i
  D:0002H         SYMBOL        j
  -------         ENDDO         
  C:010CH         LINE#         6
  C:010CH         LINE#         8
  C:0116H         LINE#         9
  C:0119H         LINE#         10
  C:0124H         LINE#         11
  C:012BH         LINE#         12
  -------         ENDPROC       _DELAY_MS
  -------         PROC          MAIN
  -------         DO            
  D:0082H         SYMBOL        i
  -------         ENDDO         
  C:008FH         LINE#         14
  C:008FH         LINE#         15
  C:0092H         LINE#         16
  C:0092H         LINE#         17
  C:0098H         LINE#         18
  C:009BH         LINE#         19
  C:00ADH         LINE#         20
  C:00AFH         LINE#         21
  C:00B2H         LINE#         22
  C:00B3H         LINE#         23
  C:00C5H         LINE#         24
  C:00C7H         LINE#         25
  C:00C7H         LINE#         26
  C:00CDH         LINE#         27
  C:00D0H         LINE#         28
  C:00E2H         LINE#         29
  C:00E4H         LINE#         30
  C:00E7H         LINE#         31
  C:00EFH         LINE#         32
  C:00FFH         LINE#         33
  -------         ENDPROC       MAIN
  -------         ENDMOD        MAIN

Program Size: data=19.0 xdata=0 code=313
LINK/LOCATE RUN COMPLETE.  0 WARNING(S),  0 ERROR(S)
