C51 COMPILER V9.60.0.0   MAIN                                                              06/24/2022 18:23:51 PAGE 1   


C51 COMPILER V9.60.0.0, COMPILATION OF MODULE MAIN
OBJECT MODULE PLACED IN .\Objects\main.obj
COMPILER INVOKED BY: C:\Keil_v5\C51\BIN\C51.EXE main.c OPTIMIZE(8,SPEED) BROWSE DEBUG OBJECTEXTEND PRINT(.\Listings\main
                    -.lst) TABS(2) OBJECT(.\Objects\main.obj)

line level    source

   1          /*
   2          Nguoi viet : Nguyen Chien 
   3          Ngay viet  : 22/06/2022
   4          De bai : Bam nut nhan tang led -su dung ic 7447 gia ma BCD
   5          */
   6          #include <main.h>
   7          #include <..\lib\delay.h>
   8          #define TANG P2_0
   9          #define GIAM P2_1
  10          
  11          unsigned char  i  = 0 ;
  12          
  13          void main ()
  14          {
  15   1         while (1)
  16   1         {
  17   2           if ( TANG == 0 && GIAM == 1)
  18   2           {
  19   3             i++;
  20   3             if (i==10) {i=0;}
  21   3             P1 = i;
  22   3             while ( TANG == 0); // chong hien tuong dinh phim
  23   3           }
  24   2           else if  ( TANG == 1 && GIAM == 0 )
  25   2           {
  26   3             
  27   3             i--;
  28   3             if (i==0) {i=9;}
  29   3             P1 = i;
  30   3             while ( GIAM == 0); // chong hien tuong dinh phim
  31   3             
  32   3           }
  33   2           else {}
  34   2           
  35   2         
  36   2         
  37   2         }
  38   1      
  39   1      
  40   1      
  41   1      
  42   1      
  43   1      }


MODULE INFORMATION:   STATIC OVERLAYABLE
   CODE SIZE        =     47    ----
   CONSTANT SIZE    =   ----    ----
   XDATA SIZE       =   ----    ----
   PDATA SIZE       =   ----    ----
   DATA SIZE        =      1    ----
   IDATA SIZE       =   ----    ----
   BIT SIZE         =   ----    ----
END OF MODULE INFORMATION.

C51 COMPILER V9.60.0.0   MAIN                                                              06/24/2022 18:23:51 PAGE 2   


C51 COMPILATION COMPLETE.  0 WARNING(S),  0 ERROR(S)
