C51 COMPILER V9.60.0.0   BAI22                                                             06/25/2022 09:49:51 PAGE 1   


C51 COMPILER V9.60.0.0, COMPILATION OF MODULE BAI22
OBJECT MODULE PLACED IN .\Objects\bai22.obj
COMPILER INVOKED BY: C:\Keil_v5\C51\BIN\C51.EXE bai22.c OPTIMIZE(8,SPEED) BROWSE DEBUG OBJECTEXTEND PRINT(.\Listings\bai
                    -22.lst) TABS(2) OBJECT(.\Objects\bai22.obj)

line level    source

   1          #include <REGX51.H>
   2          #define led7seg P2
   3          int index=0;
   4          void main(){
   5   1        EX0 = 1;
   6   1        EX1 = 1;
   7   1        IT1 = 1;
   8   1        IT0 = 1;
   9   1        EA = 1;
  10   1        while(1){
  11   2        
  12   2        }
  13   1      } void isr_ex0 (void) interrupt 0 // INT0 .>> UP
  14            {
  15   1        index++;
  16   1          if(index>9) index=0;
  17   1          led7seg = index;
  18   1        }
  19            void isr_ex1 (void) interrupt 2 // INT1 >> DOWN
  20            {
  21   1        index--;
  22   1          if(index<0) index=9;
  23   1          led7seg = index;
  24   1        }
  25          
  26          


MODULE INFORMATION:   STATIC OVERLAYABLE
   CODE SIZE        =     84    ----
   CONSTANT SIZE    =   ----    ----
   XDATA SIZE       =   ----    ----
   PDATA SIZE       =   ----    ----
   DATA SIZE        =      2    ----
   IDATA SIZE       =   ----    ----
   BIT SIZE         =   ----    ----
END OF MODULE INFORMATION.


C51 COMPILATION COMPLETE.  0 WARNING(S),  0 ERROR(S)
